≡ƒöä Loading model: company.js
Γ£à Loaded model: Company
≡ƒöä Loading model: HTEEvaluation.js
Γ£à Loaded model: HTEEvaluation
≡ƒöä Loading model: InternDailyLog.js
Γ£à Loaded model: InternDailyLog
≡ƒöä Loading model: InternDocuments.js
Γ£à Loaded model: InternDocuments
≡ƒöä Loading model: InternEvaluation.js
Γ£à Loaded model: InternEvaluation
≡ƒöä Loading model: InternEvaluationItem.js
Γ£à Loaded model: InternEvaluationItem
≡ƒöä Loading model: interns.js
Γ£à Loaded model: Intern
≡ƒöä Loading model: Supervisor.js
Γ£à Loaded model: Supervisor
≡ƒöä Loading model: SupervisorEvaluation.js
Γ£à Loaded model: SupervisorEvaluation
≡ƒöä Loading model: SupervisorEvaluationItem.js
Γ£à Loaded model: SupervisorEvaluationItem
≡ƒöä Loading model: user.js
Γ£à Loaded model: User
≡ƒöù Setting up associations for: Company
≡ƒöù Setting up associations for: HTEEvaluation
≡ƒöù Setting up associations for: InternDailyLog
≡ƒöù Setting up associations for: InternDocuments
≡ƒöù Setting up associations for: InternEvaluation
≡ƒöù Setting up associations for: InternEvaluationItem
≡ƒöù Setting up associations for: Intern
≡ƒöù Setting up associations for: Supervisor
≡ƒöù Setting up associations for: User
Γ£à All models loaded successfully. Total: 11 models
Starting report generation test...


========== generateInternEvaluationReport STARTED ==========
Request body: {"program":"BSIT","year_section":"4TH YEAR"}
Request user: { id: 1, role: 'adviser' }
[generateInternEvaluationReport] program= BSIT , year_section= 4TH YEAR
Executing (default): SELECT `id`, `email`, `password`, `firstName`, `lastName`, `mi`, `studentId`, `role`, `program`, `yearSection`, `guardian`, `resetCode`, `resetCodeExpires`, `forcePasswordChange`, `createdAt`, `updatedAt` FROM `users` AS `User` WHERE `User`.`role` = 'adviser' AND `User`.`program` = 'BSIT' AND `User`.`yearSection` = '4TH YEAR' LIMIT 1;
[generateInternEvaluationReport] Adviser where clause: { role: 'adviser', program: 'BSIT', yearSection: '4TH YEAR' }
[generateInternEvaluationReport] Adviser name: N/A
[generateInternEvaluationReport] Fetching interns with where clause: {"program":"BSIT","year_section":"4TH YEAR"}
Executing (default): SHOW FULL COLUMNS FROM `interns`;
Executing (default): SELECT `id`, `user_id`, `company_id`, `supervisor_id`, `program`, `year_section` FROM `interns` AS `Intern` WHERE `Intern`.`program` = 'BSIT' AND `Intern`.`year_section` = '4TH YEAR';
[generateInternEvaluationReport] Step 1: Found 0 base interns (hasUserId=true)
[generateInternEvaluationReport] Total enriched interns: 0
[HEADER] Content-Type: application/pdf
[HEADER] Content-Disposition: inline; filename=interns_evaluation.pdf
node : 
At line:1 char:1
+ node test_generate_report.js > test_output.txt 2>&1 ; Start-Sleep 2;  ...
+ ~~~~~~~~~~~~~~~~~~~~~~~~~~~~~~~~~~~~~~~~~~~~~~~~~~~
    + CategoryInfo          : NotSpecified: (:String) [], RemoteException
    + FullyQualifiedErrorId : NativeCommandError
 
Γ¥î INTERN EVALUATION REPORT ERROR
Error message: dest.once is not a function
Error stack: TypeError: dest.once is not a function
    at Readable.pipe (node:internal/streams/readable:1044:8)
    at exports.generateInternEvaluationReport (C:\Users\CJ\Desktop\sinag-local\
backend\controllers\internEvaluationReportController.js:203:9)
    at process.processTicksAndRejections 
(node:internal/process/task_queues:103:5)
    at async 
C:\Users\CJ\Desktop\sinag-local\backend\test_generate_report.js:49:5
===== END ERROR =====

[STATUS] 500
[RESPONSE] {
  "message": "Failed to generate Intern Evaluation report",
  "error": "dest.once is not a function"
}
Report generation completed
